mode: set
github.com/tmc/pe/internal/errors/domain.go:17.64,28.2 1 1
github.com/tmc/pe/internal/errors/domain.go:31.68,42.2 1 0
github.com/tmc/pe/internal/errors/domain.go:45.80,57.2 1 0
github.com/tmc/pe/internal/errors/domain.go:60.75,71.2 1 0
github.com/tmc/pe/internal/errors/domain.go:74.64,77.2 2 1
github.com/tmc/pe/internal/errors/domain.go:80.65,83.2 2 0
github.com/tmc/pe/internal/errors/domain.go:86.65,89.2 2 0
github.com/tmc/pe/internal/errors/domain.go:100.56,110.2 1 1
github.com/tmc/pe/internal/errors/domain.go:113.60,123.2 1 0
github.com/tmc/pe/internal/errors/domain.go:126.73,137.2 1 0
github.com/tmc/pe/internal/errors/domain.go:140.66,143.2 2 0
github.com/tmc/pe/internal/errors/domain.go:146.69,149.2 2 0
github.com/tmc/pe/internal/errors/domain.go:162.73,173.2 1 1
github.com/tmc/pe/internal/errors/domain.go:176.84,187.2 1 0
github.com/tmc/pe/internal/errors/domain.go:190.96,203.2 1 0
github.com/tmc/pe/internal/errors/domain.go:206.77,209.2 2 0
github.com/tmc/pe/internal/errors/domain.go:223.58,233.2 1 0
github.com/tmc/pe/internal/errors/domain.go:236.83,249.2 1 1
github.com/tmc/pe/internal/errors/domain.go:252.62,262.2 1 0
github.com/tmc/pe/internal/errors/domain.go:265.74,268.2 2 0
github.com/tmc/pe/internal/errors/domain.go:271.80,275.2 3 0
github.com/tmc/pe/internal/errors/domain.go:286.51,298.2 1 1
github.com/tmc/pe/internal/errors/domain.go:301.60,314.2 1 0
github.com/tmc/pe/internal/errors/domain.go:317.61,330.2 1 0
github.com/tmc/pe/internal/errors/domain.go:333.70,345.2 1 0
github.com/tmc/pe/internal/errors/domain.go:348.53,351.2 2 0
github.com/tmc/pe/internal/errors/domain.go:362.61,373.2 1 1
github.com/tmc/pe/internal/errors/domain.go:376.68,387.2 1 0
github.com/tmc/pe/internal/errors/domain.go:390.75,401.2 1 0
github.com/tmc/pe/internal/errors/domain.go:404.64,407.2 2 0
github.com/tmc/pe/internal/errors/domain.go:410.66,413.2 2 0
github.com/tmc/pe/internal/errors/domain.go:424.71,436.2 1 1
github.com/tmc/pe/internal/errors/domain.go:439.58,450.2 1 0
github.com/tmc/pe/internal/errors/domain.go:453.68,465.2 1 0
github.com/tmc/pe/internal/errors/domain.go:468.68,471.2 2 0
github.com/tmc/pe/internal/errors/types.go:100.34,101.20 1 1
github.com/tmc/pe/internal/errors/types.go:101.20,103.3 1 0
github.com/tmc/pe/internal/errors/types.go:104.2,104.49 1 1
github.com/tmc/pe/internal/errors/types.go:108.34,110.2 1 1
github.com/tmc/pe/internal/errors/types.go:113.41,114.19 1 1
github.com/tmc/pe/internal/errors/types.go:114.19,116.3 1 0
github.com/tmc/pe/internal/errors/types.go:118.2,119.31 2 1
github.com/tmc/pe/internal/errors/types.go:119.31,121.3 1 1
github.com/tmc/pe/internal/errors/types.go:123.2,123.14 1 0
github.com/tmc/pe/internal/errors/types.go:127.71,128.22 1 1
github.com/tmc/pe/internal/errors/types.go:128.22,130.3 1 1
github.com/tmc/pe/internal/errors/types.go:131.2,132.10 2 1
github.com/tmc/pe/internal/errors/types.go:136.60,139.2 2 1
github.com/tmc/pe/internal/errors/types.go:142.38,144.2 1 0
github.com/tmc/pe/internal/errors/types.go:147.42,149.2 1 0
github.com/tmc/pe/internal/errors/types.go:152.51,159.2 1 1
github.com/tmc/pe/internal/errors/types.go:162.72,169.2 1 0
github.com/tmc/pe/internal/errors/types.go:172.63,173.16 1 1
github.com/tmc/pe/internal/errors/types.go:173.16,175.3 1 0
github.com/tmc/pe/internal/errors/types.go:177.2,183.3 1 1
github.com/tmc/pe/internal/errors/types.go:187.84,188.16 1 0
github.com/tmc/pe/internal/errors/types.go:188.16,190.3 1 0
github.com/tmc/pe/internal/errors/types.go:192.2,198.3 1 0
github.com/tmc/pe/internal/errors/types.go:202.45,204.28 2 1
github.com/tmc/pe/internal/errors/types.go:204.28,206.3 1 1
github.com/tmc/pe/internal/errors/types.go:207.2,207.14 1 0
github.com/tmc/pe/internal/errors/types.go:211.35,213.28 2 1
github.com/tmc/pe/internal/errors/types.go:213.28,215.3 1 1
github.com/tmc/pe/internal/errors/types.go:216.2,216.23 1 0
github.com/tmc/pe/internal/errors/types.go:220.34,222.28 2 1
github.com/tmc/pe/internal/errors/types.go:222.28,224.3 1 1
github.com/tmc/pe/internal/errors/types.go:225.2,225.14 1 0
github.com/tmc/pe/internal/errors/types.go:229.38,231.28 2 1
github.com/tmc/pe/internal/errors/types.go:231.28,233.3 1 1
github.com/tmc/pe/internal/errors/types.go:234.2,234.23 1 0
github.com/tmc/pe/internal/errors/types.go:238.37,240.28 2 1
github.com/tmc/pe/internal/errors/types.go:240.28,242.3 1 1
github.com/tmc/pe/internal/errors/types.go:243.2,243.11 1 0
github.com/tmc/pe/internal/errors/types.go:247.51,249.28 2 0
github.com/tmc/pe/internal/errors/types.go:249.28,251.3 1 0
github.com/tmc/pe/internal/errors/types.go:252.2,252.12 1 0
github.com/tmc/pe/internal/errors/wrap.go:16.60,17.16 1 1
github.com/tmc/pe/internal/errors/wrap.go:17.16,19.3 1 0
github.com/tmc/pe/internal/errors/wrap.go:22.2,25.17 3 1
github.com/tmc/pe/internal/errors/wrap.go:25.17,27.3 1 1
github.com/tmc/pe/internal/errors/wrap.go:30.2,32.20 2 1
github.com/tmc/pe/internal/errors/wrap.go:36.51,37.16 1 0
github.com/tmc/pe/internal/errors/wrap.go:37.16,39.3 1 0
github.com/tmc/pe/internal/errors/wrap.go:41.2,44.17 3 0
github.com/tmc/pe/internal/errors/wrap.go:44.17,46.3 1 0
github.com/tmc/pe/internal/errors/wrap.go:49.2,51.21 2 0
github.com/tmc/pe/internal/errors/wrap.go:55.58,56.16 1 0
github.com/tmc/pe/internal/errors/wrap.go:56.16,58.3 1 0
github.com/tmc/pe/internal/errors/wrap.go:60.2,66.24 4 0
github.com/tmc/pe/internal/errors/wrap.go:70.55,71.16 1 0
github.com/tmc/pe/internal/errors/wrap.go:71.16,73.3 1 0
github.com/tmc/pe/internal/errors/wrap.go:75.2,78.20 3 0
github.com/tmc/pe/internal/errors/wrap.go:78.20,80.3 1 0
github.com/tmc/pe/internal/errors/wrap.go:83.2,85.22 2 0
github.com/tmc/pe/internal/errors/wrap.go:89.56,90.16 1 0
github.com/tmc/pe/internal/errors/wrap.go:90.16,92.3 1 0
github.com/tmc/pe/internal/errors/wrap.go:95.2,95.24 1 0
github.com/tmc/pe/internal/errors/wrap.go:95.24,97.3 1 0
github.com/tmc/pe/internal/errors/wrap.go:99.2,100.19 2 0
github.com/tmc/pe/internal/errors/wrap.go:101.14,102.40 1 0
github.com/tmc/pe/internal/errors/wrap.go:103.15,104.41 1 0
github.com/tmc/pe/internal/errors/wrap.go:105.10,110.4 1 0
github.com/tmc/pe/internal/errors/wrap.go:114.2,116.16 2 0
github.com/tmc/pe/internal/errors/wrap.go:120.62,121.16 1 0
github.com/tmc/pe/internal/errors/wrap.go:121.16,123.3 1 0
github.com/tmc/pe/internal/errors/wrap.go:125.2,134.18 3 0
github.com/tmc/pe/internal/errors/wrap.go:138.50,139.16 1 0
github.com/tmc/pe/internal/errors/wrap.go:139.16,141.3 1 0
github.com/tmc/pe/internal/errors/wrap.go:143.2,149.20 4 0
github.com/tmc/pe/internal/errors/wrap.go:153.53,154.16 1 1
github.com/tmc/pe/internal/errors/wrap.go:154.16,156.3 1 0
github.com/tmc/pe/internal/errors/wrap.go:158.2,162.39 3 1
github.com/tmc/pe/internal/errors/wrap.go:162.39,163.23 1 1
github.com/tmc/pe/internal/errors/wrap.go:163.23,166.4 2 1
github.com/tmc/pe/internal/errors/wrap.go:166.9,169.4 2 0
github.com/tmc/pe/internal/errors/wrap.go:170.8,170.45 1 0
github.com/tmc/pe/internal/errors/wrap.go:170.45,173.3 2 0
github.com/tmc/pe/internal/errors/wrap.go:173.8,173.42 1 0
github.com/tmc/pe/internal/errors/wrap.go:173.42,176.3 2 0
github.com/tmc/pe/internal/errors/wrap.go:176.8,179.3 2 0
github.com/tmc/pe/internal/errors/wrap.go:181.2,188.3 1 1
github.com/tmc/pe/internal/errors/wrap.go:192.53,193.16 1 1
github.com/tmc/pe/internal/errors/wrap.go:193.16,195.3 1 0
github.com/tmc/pe/internal/errors/wrap.go:197.2,197.38 1 1
github.com/tmc/pe/internal/errors/wrap.go:197.38,206.3 1 1
github.com/tmc/pe/internal/errors/wrap.go:208.2,208.46 1 1
github.com/tmc/pe/internal/errors/wrap.go:208.46,217.3 1 1
github.com/tmc/pe/internal/errors/wrap.go:219.2,219.86 1 0
github.com/tmc/pe/internal/errors/wrap.go:223.66,226.9 2 1
github.com/tmc/pe/internal/errors/wrap.go:228.88,231.38 3 0
github.com/tmc/pe/internal/errors/wrap.go:233.95,236.40 3 0
github.com/tmc/pe/internal/errors/wrap.go:238.80,241.38 3 0
github.com/tmc/pe/internal/errors/wrap.go:243.83,246.40 3 1
github.com/tmc/pe/internal/errors/wrap.go:249.43,252.40 3 0
github.com/tmc/pe/internal/errors/wrap.go:254.10,257.40 3 0
github.com/tmc/pe/internal/errors/wrap.go:261.2,261.39 1 1
github.com/tmc/pe/internal/errors/wrap.go:261.39,262.23 1 0
github.com/tmc/pe/internal/errors/wrap.go:262.23,265.4 2 0
github.com/tmc/pe/internal/errors/wrap.go:270.69,273.9 2 0
github.com/tmc/pe/internal/errors/wrap.go:275.79,278.39 3 0
github.com/tmc/pe/internal/errors/wrap.go:280.83,283.41 3 0
github.com/tmc/pe/internal/errors/wrap.go:285.84,288.41 3 0
github.com/tmc/pe/internal/errors/wrap.go:290.10,293.41 3 0
github.com/tmc/pe/internal/errors/wrap.go:298.78,301.9 2 0
github.com/tmc/pe/internal/errors/wrap.go:302.83,305.44 3 0
github.com/tmc/pe/internal/errors/wrap.go:307.87,310.41 3 0
github.com/tmc/pe/internal/errors/wrap.go:312.10,315.44 3 0
github.com/tmc/pe/internal/errors/wrap.go:320.72,323.9 2 0
github.com/tmc/pe/internal/errors/wrap.go:324.83,327.42 3 0
github.com/tmc/pe/internal/errors/wrap.go:329.83,332.42 3 0
github.com/tmc/pe/internal/errors/wrap.go:334.10,337.42 3 0
github.com/tmc/pe/internal/errors/wrap.go:342.54,344.44 1 0
github.com/tmc/pe/internal/errors/wrap.go:344.44,345.51 1 0
github.com/tmc/pe/internal/errors/wrap.go:345.51,346.17 1 0
github.com/tmc/pe/internal/errors/wrap.go:347.24,350.36 3 0
github.com/tmc/pe/internal/errors/wrap.go:351.24,354.36 3 0
github.com/tmc/pe/internal/errors/wrap.go:355.40,359.29 4 0
github.com/tmc/pe/internal/errors/wrap.go:366.60,369.9 2 0
github.com/tmc/pe/internal/errors/wrap.go:370.80,373.38 3 0
github.com/tmc/pe/internal/errors/wrap.go:375.85,378.38 3 0
github.com/tmc/pe/internal/errors/wrap.go:380.84,383.38 3 0
github.com/tmc/pe/internal/errors/wrap.go:385.10,388.38 3 0
github.com/tmc/pe/internal/errors/wrap.go:393.66,396.9 2 0
github.com/tmc/pe/internal/errors/wrap.go:398.40,400.37 2 0
github.com/tmc/pe/internal/errors/wrap.go:402.89,405.33 3 0
github.com/tmc/pe/internal/errors/wrap.go:407.83,410.33 3 0
github.com/tmc/pe/internal/errors/wrap.go:412.10,414.35 2 0
github.com/tmc/pe/internal/errors/wrap.go:419.33,421.27 2 1
github.com/tmc/pe/internal/errors/wrap.go:421.27,422.17 1 1
github.com/tmc/pe/internal/errors/wrap.go:422.17,424.4 1 1
github.com/tmc/pe/internal/errors/wrap.go:427.2,427.25 1 1
github.com/tmc/pe/internal/errors/wrap.go:427.25,429.3 1 0
github.com/tmc/pe/internal/errors/wrap.go:431.2,431.25 1 1
github.com/tmc/pe/internal/errors/wrap.go:431.25,433.3 1 0
github.com/tmc/pe/internal/errors/wrap.go:436.2,440.32 4 1
github.com/tmc/pe/internal/errors/wrap.go:440.32,443.3 2 1
github.com/tmc/pe/internal/errors/wrap.go:445.2,448.17 3 1
github.com/tmc/pe/internal/errors/wrap.go:452.63,453.16 1 1
github.com/tmc/pe/internal/errors/wrap.go:453.16,455.3 1 0
github.com/tmc/pe/internal/errors/wrap.go:457.2,458.28 2 1
github.com/tmc/pe/internal/errors/wrap.go:458.28,460.3 1 0
github.com/tmc/pe/internal/errors/wrap.go:463.2,464.40 2 1
github.com/tmc/pe/internal/errors/wrap.go:468.122,473.12 4 1
github.com/tmc/pe/internal/errors/wrap.go:473.12,475.3 1 1
github.com/tmc/pe/internal/errors/wrap.go:477.2,477.9 1 1
github.com/tmc/pe/internal/errors/wrap.go:478.21,479.17 1 1
github.com/tmc/pe/internal/errors/wrap.go:479.17,481.4 1 0
github.com/tmc/pe/internal/errors/wrap.go:482.3,482.13 1 1
github.com/tmc/pe/internal/errors/wrap.go:483.20,484.43 1 1
